# __generated__ by mnptu
# Please review these resources and move them into your main configuration files.

# __generated__ by mnptu from "bar"
resource "mnptu_data" "foo" {
  input            = null
  triggers_replace = null
}
