# __generated__ by mnptu
# Please review these resources and move them into your main configuration files.

# __generated__ by mnptu from "bar"
resource "test_instance" "foo" {
  ami = null
}
